Usage: python3 enigma.py -c <config_file> -i <input_file> -o <output_file>