Running testDuplicateElementsArePossible1 ... 
3
5
5
8
10
10
[OK]
