Running testDuplicateElementsArePossible2 ... 
aa
aa
b
ccc
d
d
[OK]
